>POST https://example.org/InStock
#^^^^ source.hurl keyword.control.method.hurl
#    ^ source.hurl
#     ^^^^^^^^^^^^^^^^^^^^^^^^^^^ source.hurl string.quoted.url.hurl string.quoted.url.hurl
>Content-Type: application/soap+xml; charset=utf-8
#^^^^^^^^^^^^ source.hurl entity.name.tag.header.hurl entity.name.tag.header.hurl
#            ^ source.hurl entity.name.tag.header.hurl punctuation.separator.key-value.hurl
#             ^ source.hurl entity.name.tag.header.hurl
#              ^^^^^^^^^^^^^^^^^^^^^^^^^^^^^^^^^^^ source.hurl entity.name.tag.header.hurl
>SOAPAction: "http://www.w3.org/2003/05/soap-envelope"
#^^^^^^^^^^ source.hurl entity.name.tag.header.hurl entity.name.tag.header.hurl
#          ^ source.hurl entity.name.tag.header.hurl punctuation.separator.key-value.hurl
#           ^ source.hurl entity.name.tag.header.hurl
#            ^^^^^^^^^^^^^^^^^^^^^^^^^^^^^^^^^^^^^^^^^ source.hurl entity.name.tag.header.hurl
>```xml
#^^^ source.hurl string.quoted.multiline.hurl
#   ^^^^ source.hurl string.quoted.multiline.hurl support.type
><?xml version="1.0" encoding="UTF-8"?>
#^^^^^^^^^^^^^^^^^^^^^^^^^^^^^^^^^^^^^^^ source.hurl string.quoted.multiline.hurl
><soap:Envelope xmlns:soap="http://www.w3.org/2003/05/soap-envelope" xmlns:m="https://example.org">
#^^^^^^^^^^^^^^^^^^^^^^^^^^^^^^^^^^^^^^^^^^^^^^^^^^^^^^^^^^^^^^^^^^^^^^^^^^^^^^^^^^^^^^^^^^^^^^^^^^^ source.hurl string.quoted.multiline.hurl
>  <soap:Header></soap:Header>
#^^^^^^^^^^^^^^^^^^^^^^^^^^^^^^ source.hurl string.quoted.multiline.hurl
>  <soap:Body>
#^^^^^^^^^^^^^^ source.hurl string.quoted.multiline.hurl
>    <m:GetStockPrice>
#^^^^^^^^^^^^^^^^^^^^^^ source.hurl string.quoted.multiline.hurl
>      <m:StockName>GOOG</m:StockName>
#^^^^^^^^^^^^^^^^^^^^^^^^^^^^^^^^^^^^^^ source.hurl string.quoted.multiline.hurl
>    </m:GetStockPrice>
#^^^^^^^^^^^^^^^^^^^^^^^ source.hurl string.quoted.multiline.hurl
>  </soap:Body>
#^^^^^^^^^^^^^^^ source.hurl string.quoted.multiline.hurl
></soap:Envelope>
#^^^^^^^^^^^^^^^^^ source.hurl string.quoted.multiline.hurl
>```
#^^^ source.hurl string.quoted.multiline.hurl
>HTTP 200
#^^^^ source.hurl constant.language.version.hurl
#    ^^^^ source.hurl constant.numeric.status.hurl
>