>POST https://example.org
#^^^^ source.hurl keyword.control.method.hurl
#    ^ source.hurl
#     ^^^^^^^^^^^^^^^^^^^ source.hurl string.unquoted.url.hurl string.unquoted.url.hurl
># Some random comments before body
#^^^^^^^^^^^^^^^^^^^^^^^^^^^^^^^^^^ source.hurl comment.line.number-sign.hurl
>base64,TG9yZW0gaXBzdW0gZG9sb3Igc2l0IGFtZXQsIGNvbnNlY3RldHVyIG
#^^^^^^ source.hurl support.function support.function.name
#      ^ source.hurl support.function
#       ^^^^^^^^^^^^^^^^^^^^^^^^^^^^^^^^^^^^^^^^^^^^^^^^^^^^^^^ source.hurl support.function text.plain
>FkaXBpc2NpbmcgZWxpdC4gSW4gbWFsZXN1YWRhLCBuaXNsIHZlbCBkaWN0dW0g
#^^^^^^^^^^^^^^^^^^^^^^^^^^^^^^^^^^^^^^^^^^^^^^^^^^^^^^^^^^^^^^^ source.hurl support.function text.plain
>aGVuZHJlcml0LCBlc3QganVzdG8gYmliZW5kdW0gbWV0dXMsIG5lYyBydXRydW
#^^^^^^^^^^^^^^^^^^^^^^^^^^^^^^^^^^^^^^^^^^^^^^^^^^^^^^^^^^^^^^^ source.hurl support.function text.plain
>0gdG9ydG9yIG1hc3NhIGlkIG1ldHVzLiA=;
#^^^^^^^^^^^^^^^^^^^^^^^^^^^^^^^^^^ source.hurl support.function text.plain
#                                  ^ source.hurl support.function support.function
>