>POST https://example.org/models
#^^^^ source.hurl keyword.control.method.hurl
#    ^ source.hurl
#     ^^^^^^^^^^^^^^^^^^^^^^^^^^ source.hurl string.unquoted.url.hurl string.unquoted.url.hurl
>```
#^^^ source.hurl string.quoted.multiline.hurl
>Year,Make,Model,Description,Price
#^^^^^^^^^^^^^^^^^^^^^^^^^^^^^^^^^^ source.hurl string.quoted.multiline.hurl
>1997,Ford,E350,"ac, abs, moon",3000.00
#^^^^^^^^^^^^^^^^^^^^^^^^^^^^^^^^^^^^^^^ source.hurl string.quoted.multiline.hurl
>1999,Chevy,"Venture ""Extended Edition""","",4900.00
#^^^^^^^^^^^^^^^^^^^^^^^^^^^^^^^^^^^^^^^^^^^^^^^^^^^^^ source.hurl string.quoted.multiline.hurl
>1999,Chevy,"Venture ""Extended Edition, Very Large""",,5000.00
#^^^^^^^^^^^^^^^^^^^^^^^^^^^^^^^^^^^^^^^^^^^^^^^^^^^^^^^^^^^^^^^ source.hurl string.quoted.multiline.hurl
>1996,Jeep,Grand Cherokee,"MUST SELL! air, moon roof, loaded",4799.00
#^^^^^^^^^^^^^^^^^^^^^^^^^^^^^^^^^^^^^^^^^^^^^^^^^^^^^^^^^^^^^^^^^^^^^ source.hurl string.quoted.multiline.hurl
>```
#^^^ source.hurl string.quoted.multiline.hurl
>