>POST https://example.org/contact/{{foo }}?q={{ bar }}
#^^^^ source.hurl keyword.control.method.hurl
#    ^ source.hurl
#     ^^^^^^^^^^^^^^^^^^^^^^^^^^^^ source.hurl string.unquoted.url.hurl string.unquoted.url.hurl
#                                 ^^ source.hurl string.unquoted.url.hurl string.unquoted.url.hurl string.interpolated.hurl
#                                   ^^^ source.hurl string.unquoted.url.hurl string.unquoted.url.hurl variable.other.hurl
#                                      ^ source.hurl string.unquoted.url.hurl string.unquoted.url.hurl
#                                       ^^ source.hurl string.unquoted.url.hurl string.unquoted.url.hurl string.interpolated.hurl
#                                         ^^^ source.hurl string.unquoted.url.hurl string.unquoted.url.hurl
#                                            ^^ source.hurl string.unquoted.url.hurl string.unquoted.url.hurl string.interpolated.hurl
#                                              ^ source.hurl string.unquoted.url.hurl string.unquoted.url.hurl
#                                               ^^^ source.hurl string.unquoted.url.hurl string.unquoted.url.hurl variable.other.hurl
#                                                  ^ source.hurl string.unquoted.url.hurl string.unquoted.url.hurl
#                                                   ^^ source.hurl string.unquoted.url.hurl string.unquoted.url.hurl string.interpolated.hurl
>[Form]
#^^^^^^ source.hurl entity.name.section.hurl
>default: false
#^^^^^^^ source.hurl entity.name.tag.header.hurl entity.name.tag.header.hurl
#       ^ source.hurl entity.name.tag.header.hurl punctuation.separator.key-value.hurl
#        ^ source.hurl entity.name.tag.header.hurl
#         ^^^^^ source.hurl entity.name.tag.header.hurl
>token: {{token}}
#^^^^^ source.hurl entity.name.tag.header.hurl entity.name.tag.header.hurl
#     ^ source.hurl entity.name.tag.header.hurl punctuation.separator.key-value.hurl
#      ^ source.hurl entity.name.tag.header.hurl
#       ^^ source.hurl entity.name.tag.header.hurl string.interpolated.hurl
#         ^^^^^ source.hurl entity.name.tag.header.hurl variable.other.hurl
#              ^^ source.hurl entity.name.tag.header.hurl string.interpolated.hurl
>token2: {{ token2 }}
#^^^^^^ source.hurl entity.name.tag.header.hurl entity.name.tag.header.hurl
#      ^ source.hurl entity.name.tag.header.hurl punctuation.separator.key-value.hurl
#       ^ source.hurl entity.name.tag.header.hurl
#        ^^ source.hurl entity.name.tag.header.hurl string.interpolated.hurl
#          ^ source.hurl entity.name.tag.header.hurl
#           ^^^^^^ source.hurl entity.name.tag.header.hurl variable.other.hurl
#                 ^ source.hurl entity.name.tag.header.hurl
#                  ^^ source.hurl entity.name.tag.header.hurl string.interpolated.hurl
>email: john.doe@rookie.org
#^^^^^ source.hurl entity.name.tag.header.hurl entity.name.tag.header.hurl
#     ^ source.hurl entity.name.tag.header.hurl punctuation.separator.key-value.hurl
#      ^ source.hurl entity.name.tag.header.hurl
#       ^^^^^^^^^^^^^^^^^^^ source.hurl entity.name.tag.header.hurl
>number: 33611223344
#^^^^^^ source.hurl entity.name.tag.header.hurl entity.name.tag.header.hurl
#      ^ source.hurl entity.name.tag.header.hurl punctuation.separator.key-value.hurl
#       ^ source.hurl entity.name.tag.header.hurl
#        ^^^^^^^^^^^ source.hurl entity.name.tag.header.hurl
>