>POST https://example.org/InStock
#^^^^ source.hurl keyword.control.method.hurl
#    ^ source.hurl
#     ^^^^^^^^^^^^^^^^^^^^^^^^^^^ source.hurl string.unquoted.url.hurl string.unquoted.url.hurl
>```json
#^^^ source.hurl string.quoted.multiline.hurl
#   ^^^^^ source.hurl string.quoted.multiline.hurl support.type
>{
#^^ source.hurl string.quoted.multiline.hurl
>  "a": 1
#^^^^^^^^^ source.hurl string.quoted.multiline.hurl
>}
#^^ source.hurl string.quoted.multiline.hurl
>```
#^^^ source.hurl string.quoted.multiline.hurl
>HTTP 200
#^^^^ source.hurl constant.language.version.hurl
#    ^^^^ source.hurl constant.numeric.status.hurl
>